[www.recruitmentmyanmarsak.com/index.html]
[www.recruitmentmyanmarsak.com/xmlrpc.php]
[backblue.gif]
[fade.gif]
[index.html]
[www.recruitmentmyanmarsak.com/wp-includes/css/dist/block-library/style.min6dcf.css]
[fonts.googleapis.com/index.html]
[www.recruitmentmyanmarsak.com/feed/index.html]
[www.recruitmentmyanmarsak.com/wp-content/themes/Divi/stylea120.css]
[www.recruitmentmyanmarsak.com/comments/feed/index.html]
[www.recruitmentmyanmarsak.com/wp-includes/css/dashicons.min6dcf.css]
[www.recruitmentmyanmarsak.com/wp-includes/js/jquery/jquery.minaf6c.js]
[www.recruitmentmyanmarsak.com/wp-includes/js/jquery/jquery-migrate.mind617.js]
[www.recruitmentmyanmarsak.com/wp-json/wp/v2/pages/48046.json]
[www.recruitmentmyanmarsak.com/xmlrpc0db0.php]
[www.recruitmentmyanmarsak.com/wp-json/index.html]
[www.recruitmentmyanmarsak.com/wp-includes/wlwmanifest.xml]
[www.recruitmentmyanmarsak.com/wp-json/oembed/1.0/embed5341.json]
[www.recruitmentmyanmarsak.com/wp-json/oembed/1.0/embedba03]
[www.recruitmentmyanmarsak.com/wp-content/uploads/2019/08/cropped-sitelogo-1-32x32.jpg]
[www.recruitmentmyanmarsak.com/wp-content/uploads/2019/08/cropped-sitelogo-1-192x192.jpg]
[www.recruitmentmyanmarsak.com/wp-content/uploads/2019/08/cropped-sitelogo-1-180x180.jpg]
[www.recruitmentmyanmarsak.com/wp-content/cache/et/48046/et-core-unified-16470699256984.min.css]
[www.recruitmentmyanmarsak.com/wp-content/uploads/2019/08/Joe.jpg]
[www.recruitmentmyanmarsak.com/recruitment-policy/index.html]
[www.recruitmentmyanmarsak.com/wp-content/uploads/2019/08/saklogo-copy.png]
[www.recruitmentmyanmarsak.com/mds-message/index.html]
[www.recruitmentmyanmarsak.com/about-us/index.html]
[www.recruitmentmyanmarsak.com/our-clients/index.html]
[www.recruitmentmyanmarsak.com/wp-content/uploads/2020/03/Hand-Worlds.jpg]
[www.recruitmentmyanmarsak.com/services/index.html]
[www.recruitmentmyanmarsak.com/application-form/index.html]
[www.recruitmentmyanmarsak.com/contact-us-2/index.html]
[www.recruitmentmyanmarsak.com/wp-content/uploads/2019/08/japan.jpg]
[www.recruitmentmyanmarsak.com/malaysia-project/index.html]
[www.recruitmentmyanmarsak.com/singapore-project/index.html]
[www.recruitmentmyanmarsak.com/thailand-projects/index.html]
[www.recruitmentmyanmarsak.com/gallery/index.html]
[www.recruitmentmyanmarsak.com/wp-content/uploads/2019/08/malaysia-1.jpg]
[www.recruitmentmyanmarsak.com/wp-content/uploads/2019/08/singapore.jpg]
[www.recruitmentmyanmarsak.com/wp-content/uploads/2019/08/thailand.jpg]
[www.recruitmentmyanmarsak.com/wp-content/uploads/2019/08/business-01.jpg]
[www.recruitmentmyanmarsak.com/wp-content/themes/Divi/core/admin/js/commona120.js]
[www.recruitmentmyanmarsak.com/index.html]
[www.recruitmentmyanmarsak.com/xmlrpc.php]
[www.recruitmentmyanmarsak.com/wp-content/themes/Divi/js/custom.mina120.js]
[fonts.googleapis.com/index.html]
[www.recruitmentmyanmarsak.com/sitemap/index.html]
[s.w.org/index.html]
[fonts.googleapis.com/css029a.css]
[fonts.googleapis.com/css0c53.css]
[www.recruitmentmyanmarsak.com/wp-json/wp/v2/pages/48068.json]
[www.recruitmentmyanmarsak.com/wp-json/oembed/1.0/embed655f.json]
[www.recruitmentmyanmarsak.com/wp-json/oembed/1.0/embed17d6]
[www.recruitmentmyanmarsak.com/wp-content/cache/et/48068/et-core-unified-16470795293236.min.css]
[www.recruitmentmyanmarsak.com/wp-content/uploads/2019/08/2-1.jpg]
[www.recruitmentmyanmarsak.com/wp-content/uploads/2019/08/sak2.jpg]
[www.recruitmentmyanmarsak.com/wp-content/uploads/2020/03/Image-of-organization-chart.jpg]
[www.recruitmentmyanmarsak.com/about-us/index.html]
[www.recruitmentmyanmarsak.com/wp-json/wp/v2/pages/48092.json]
[www.recruitmentmyanmarsak.com/wp-json/oembed/1.0/embedb260.json]
[www.recruitmentmyanmarsak.com/wp-json/oembed/1.0/embed3cb3]
[www.recruitmentmyanmarsak.com/wp-content/cache/et/48092/et-core-unified-16472048018596.min.css]
[www.recruitmentmyanmarsak.com/wp-content/uploads/2019/08/WhatsApp-Image-2019-08-27-at-11.08-1.jpg]
[www.recruitmentmyanmarsak.com/mds-message/index.html]
[www.recruitmentmyanmarsak.com/wp-json/wp/v2/pages/48108.json]
[www.recruitmentmyanmarsak.com/wp-json/oembed/1.0/embeda8bf.json]
[www.recruitmentmyanmarsak.com/wp-json/oembed/1.0/embed0dc9]
[www.recruitmentmyanmarsak.com/wp-content/cache/et/48108/et-core-unified-16471869802971.min.css]
[www.recruitmentmyanmarsak.com/wp-content/uploads/2019/08/sak4.jpg]
[www.recruitmentmyanmarsak.com/wp-content/uploads/2019/08/thai8.jpg]
[www.recruitmentmyanmarsak.com/recruitment-policy/index.html]
[www.recruitmentmyanmarsak.com/wp-json/wp/v2/pages/48123.json]
[www.recruitmentmyanmarsak.com/wp-json/oembed/1.0/embedade5]
[www.recruitmentmyanmarsak.com/wp-content/cache/et/48123/et-core-unified-16474936128154.min.css]
[www.recruitmentmyanmarsak.com/wp-content/uploads/2019/08/29.jpg]
[www.recruitmentmyanmarsak.com/wp-content/uploads/2019/08/28.jpg]
[www.recruitmentmyanmarsak.com/wp-content/uploads/2019/08/30.jpg]
[www.recruitmentmyanmarsak.com/wp-content/uploads/2019/08/25.jpg]
[www.recruitmentmyanmarsak.com/wp-content/uploads/2019/08/22.jpg]
[www.recruitmentmyanmarsak.com/wp-content/uploads/2019/08/24.jpg]
[www.recruitmentmyanmarsak.com/wp-content/uploads/2019/08/27.jpg]
[www.recruitmentmyanmarsak.com/wp-content/uploads/2019/08/21.jpg]
[www.recruitmentmyanmarsak.com/wp-content/uploads/2019/08/26.jpg]
[www.recruitmentmyanmarsak.com/wp-content/uploads/2019/08/23.jpg]
[www.recruitmentmyanmarsak.com/wp-content/uploads/2019/08/17.jpg]
[www.recruitmentmyanmarsak.com/wp-content/uploads/2019/08/19.jpg]
[www.recruitmentmyanmarsak.com/wp-content/uploads/2019/08/20.jpg]
[www.recruitmentmyanmarsak.com/wp-content/uploads/2019/08/13.jpg]
[www.recruitmentmyanmarsak.com/wp-content/uploads/2019/08/16.jpg]
[www.recruitmentmyanmarsak.com/wp-content/uploads/2019/08/18.jpg]
[www.recruitmentmyanmarsak.com/wp-content/uploads/2019/08/15.jpg]
[www.recruitmentmyanmarsak.com/wp-content/uploads/2019/08/14.jpg]
[www.recruitmentmyanmarsak.com/wp-content/uploads/2019/08/1.jpg]
[www.recruitmentmyanmarsak.com/wp-content/uploads/2019/08/10.jpg]
[www.recruitmentmyanmarsak.com/wp-content/uploads/2019/08/6.jpg]
[www.recruitmentmyanmarsak.com/wp-content/uploads/2019/08/3.jpg]
[www.recruitmentmyanmarsak.com/wp-content/uploads/2019/08/7.jpg]
[www.recruitmentmyanmarsak.com/wp-content/uploads/2019/08/12.jpg]
[www.recruitmentmyanmarsak.com/wp-content/uploads/2019/08/8.jpg]
[www.recruitmentmyanmarsak.com/wp-content/uploads/2019/08/4.jpg]
[www.recruitmentmyanmarsak.com/wp-content/uploads/2019/08/11.jpg]
[www.recruitmentmyanmarsak.com/wp-content/uploads/2019/08/2.jpg]
[www.recruitmentmyanmarsak.com/wp-content/uploads/2019/08/9.jpg]
[www.recruitmentmyanmarsak.com/wp-content/uploads/2019/08/5.jpg]
[www.recruitmentmyanmarsak.com/our-clients/index.html]
[www.recruitmentmyanmarsak.com/wp-json/wp/v2/pages/48112.json]
[www.recruitmentmyanmarsak.com/wp-json/oembed/1.0/embed2df1.json]
[www.recruitmentmyanmarsak.com/wp-json/oembed/1.0/embed0977]
[www.recruitmentmyanmarsak.com/wp-content/cache/et/48112/et-core-unified-16470663808423.min.css]
[www.recruitmentmyanmarsak.com/wp-content/uploads/2019/08/malaysiaprocess.png]
[www.recruitmentmyanmarsak.com/wp-content/uploads/2019/08/Singaporeprocess.png]
[www.recruitmentmyanmarsak.com/wp-content/uploads/2019/08/Thailandprocess.png]
[www.recruitmentmyanmarsak.com/services/index.html]
[www.recruitmentmyanmarsak.com/wp-json/wp/v2/pages/47838.json]
[www.recruitmentmyanmarsak.com/wp-json/oembed/1.0/embedf27c.json]
[www.recruitmentmyanmarsak.com/wp-json/oembed/1.0/embed10fa]
[www.recruitmentmyanmarsak.com/wp-content/cache/et/47838/et-core-unified-16472226210556.min.css]
[www.recruitmentmyanmarsak.com/application-form/index.html]
[www.recruitmentmyanmarsak.com/wp-json/wp/v2/pages/48030.json]
[www.recruitmentmyanmarsak.com/wp-json/oembed/1.0/embed6f33.json]
[www.recruitmentmyanmarsak.com/wp-json/oembed/1.0/embed65d6]
[www.recruitmentmyanmarsak.com/wp-content/cache/et/48030/et-core-unified-16472051196261.min.css]
[www.recruitmentmyanmarsak.com/contact-us-2/index.html]
[www.recruitmentmyanmarsak.com/wp-json/wp/v2/pages/47882.json]
[www.recruitmentmyanmarsak.com/wp-json/oembed/1.0/embed8a24.json]
[www.recruitmentmyanmarsak.com/wp-json/oembed/1.0/embed4936]
[www.recruitmentmyanmarsak.com/wp-content/cache/et/47882/et-core-unified-16470796051192.min.css]
[www.recruitmentmyanmarsak.com/wp-content/uploads/2019/08/thai5.jpg]
[www.recruitmentmyanmarsak.com/wp-content/uploads/2019/08/thai2.jpg]
[www.recruitmentmyanmarsak.com/wp-content/uploads/2019/08/thai3.jpg]
[www.recruitmentmyanmarsak.com/wp-content/uploads/2019/08/thai4.jpg]
[www.recruitmentmyanmarsak.com/wp-content/uploads/2020/03/Safety-arrival-Working-Place.jpg]
[www.recruitmentmyanmarsak.com/wp-content/uploads/2019/11/WhatsApp-Image-2019-10-17-at-12.55.14-PM.jpg]
[www.recruitmentmyanmarsak.com/wp-content/uploads/2019/11/WhatsApp-Image-2019-10-17-at-12.58.08-PM.jpg]
[www.recruitmentmyanmarsak.com/wp-content/uploads/2019/11/IMG-16d9b94da9c93281e241831dab4882d7-V-1024x498.jpg]
[www.recruitmentmyanmarsak.com/wp-content/uploads/2019/11/IMG-3d5a55712f73624fae91b093e3fc770e-V-1024x498.jpg]
[www.recruitmentmyanmarsak.com/thailand-projects/index.html]
[www.recruitmentmyanmarsak.com/wp-json/wp/v2/pages/47865.json]
[www.recruitmentmyanmarsak.com/wp-json/oembed/1.0/embed9c40.json]
[www.recruitmentmyanmarsak.com/wp-json/oembed/1.0/embed8d65]
[www.recruitmentmyanmarsak.com/wp-content/cache/et/47865/et-core-unified-16472753400358.min.css]
[www.recruitmentmyanmarsak.com/wp-content/uploads/2019/08/sg1-2.jpg]
[www.recruitmentmyanmarsak.com/wp-content/uploads/2019/08/sg3.jpg]
[www.recruitmentmyanmarsak.com/wp-content/uploads/2019/08/English.jpg]
[www.recruitmentmyanmarsak.com/wp-content/uploads/2019/08/sg5.jpg]
[www.recruitmentmyanmarsak.com/wp-content/uploads/2019/08/sg6.jpg]
[www.recruitmentmyanmarsak.com/wp-content/uploads/2019/08/sg7.jpg]
[www.recruitmentmyanmarsak.com/singapore-project/index.html]
[www.recruitmentmyanmarsak.com/wp-json/wp/v2/pages/47857.json]
[www.recruitmentmyanmarsak.com/wp-json/oembed/1.0/embed03b3.json]
[www.recruitmentmyanmarsak.com/wp-json/oembed/1.0/embed75f5]
[www.recruitmentmyanmarsak.com/wp-content/cache/et/47857/et-core-unified-16470888163484.min.css]
[www.recruitmentmyanmarsak.com/wp-content/uploads/2019/08/malaysia1.jpg]
[www.recruitmentmyanmarsak.com/wp-content/uploads/2019/08/malaysia2.jpg]
[www.recruitmentmyanmarsak.com/wp-content/uploads/2019/08/malaysia4.jpg]
[www.recruitmentmyanmarsak.com/wp-content/uploads/2020/03/IMG-cd524ff86a702b04de0503a381bce13c-V.jpg]
[www.recruitmentmyanmarsak.com/wp-content/uploads/2020/03/IMG-1001471cac6694de204ca0ac602beb41-V.jpg]
[www.recruitmentmyanmarsak.com/malaysia-project/index.html]
[www.recruitmentmyanmarsak.com/wp-json/wp/v2/pages/47904.json]
[www.recruitmentmyanmarsak.com/wp-json/oembed/1.0/embed11f7.json]
[www.recruitmentmyanmarsak.com/wp-json/oembed/1.0/embedd91f]
[www.recruitmentmyanmarsak.com/wp-content/cache/et/47904/et-core-unified-16473092472877.min.css]
[www.recruitmentmyanmarsak.com/wp-content/uploads/2019/08/1-2-1.jpg]
[www.recruitmentmyanmarsak.com/wp-content/uploads/2019/08/1-1-1.jpg]
[www.recruitmentmyanmarsak.com/wp-content/uploads/2019/08/1-15.jpg]
[www.recruitmentmyanmarsak.com/wp-content/uploads/2019/08/1-14.jpg]
[www.recruitmentmyanmarsak.com/wp-content/uploads/2019/08/1-13.jpg]
[www.recruitmentmyanmarsak.com/wp-content/uploads/2019/08/1-11.jpg]
[www.recruitmentmyanmarsak.com/wp-content/uploads/2019/08/1-4.jpg]
[www.recruitmentmyanmarsak.com/wp-content/uploads/2019/08/1-5.jpg]
[www.recruitmentmyanmarsak.com/wp-content/uploads/2019/08/1-6.jpg]
[www.recruitmentmyanmarsak.com/wp-content/uploads/2019/08/1-10.jpg]
[www.recruitmentmyanmarsak.com/wp-content/uploads/2019/08/thai9.jpg]
[www.recruitmentmyanmarsak.com/wp-content/uploads/2019/08/thai10.jpg]
[www.recruitmentmyanmarsak.com/wp-content/uploads/2019/08/2-1-1.jpg]
[www.recruitmentmyanmarsak.com/wp-content/uploads/2019/08/1-18.jpg]
[www.recruitmentmyanmarsak.com/wp-content/uploads/2019/08/2-2.jpg]
[www.recruitmentmyanmarsak.com/wp-content/uploads/2019/08/2-17.jpg]
[www.recruitmentmyanmarsak.com/wp-content/uploads/2019/08/2-16.jpg]
[www.recruitmentmyanmarsak.com/wp-content/uploads/2019/08/2-15.jpg]
[www.recruitmentmyanmarsak.com/wp-content/uploads/2019/08/2-3.jpg]
[www.recruitmentmyanmarsak.com/wp-content/uploads/2019/08/2-4.jpg]
[www.recruitmentmyanmarsak.com/wp-content/uploads/2019/08/2-12.jpg]
[www.recruitmentmyanmarsak.com/wp-content/uploads/2019/08/2-10.jpg]
[www.recruitmentmyanmarsak.com/wp-content/uploads/2019/08/2-9.jpg]
[www.recruitmentmyanmarsak.com/wp-content/uploads/2019/08/2-7.jpg]
[www.recruitmentmyanmarsak.com/wp-content/uploads/2019/08/2-6.jpg]
[www.recruitmentmyanmarsak.com/wp-content/uploads/2019/08/2-5.jpg]
[www.recruitmentmyanmarsak.com/wp-content/uploads/2019/08/2-8.jpg]
[www.recruitmentmyanmarsak.com/wp-content/uploads/2019/08/2-11.jpg]
[www.recruitmentmyanmarsak.com/wp-content/uploads/2019/08/22-2.jpg]
[www.recruitmentmyanmarsak.com/wp-content/uploads/2019/08/23-1.jpg]
[www.recruitmentmyanmarsak.com/wp-content/uploads/2019/08/24-2.jpg]
[www.recruitmentmyanmarsak.com/wp-content/uploads/2019/08/25-2.jpg]
[www.recruitmentmyanmarsak.com/gallery/index.html]
[www.recruitmentmyanmarsak.com/wp-json/wp/v2/pages/48597.json]
[www.recruitmentmyanmarsak.com/wp-json/oembed/1.0/embedd060.json]
[www.recruitmentmyanmarsak.com/wp-json/oembed/1.0/embedefdf]
[www.recruitmentmyanmarsak.com/wp-content/cache/et/48597/et-core-unified-16470697259102.min.css]
[www.recruitmentmyanmarsak.com/sitemap/index.html]
[fonts.googleapis.com/css0b88.css]
[www.recruitmentmyanmarsak.com/indexcd68.html]
[www.recruitmentmyanmarsak.com/index35fc.html]
[www.recruitmentmyanmarsak.com/indexce07.html]
[www.recruitmentmyanmarsak.com/index3ced.html]
[www.recruitmentmyanmarsak.com/index828e.html]
[fonts.googleapis.com/cssb4be.css]
[www.recruitmentmyanmarsak.com/indexcd22.html]
[www.recruitmentmyanmarsak.com/index082e.html]
[www.recruitmentmyanmarsak.com/indexdb5c.html]
[www.recruitmentmyanmarsak.com/index4ef4.html]
[www.recruitmentmyanmarsak.com/indexf7f4.html]
[www.recruitmentmyanmarsak.com/indexc014.html]
[www.recruitmentmyanmarsak.com/indexa96d.html]
[www.recruitmentmyanmarsak.com/wp-json/oembed/1.0/embed3d95]
[www.recruitmentmyanmarsak.com/the-company/index.html]
[www.recruitmentmyanmarsak.com/wp-json/wp/v2/pages/48225.json]
[www.recruitmentmyanmarsak.com/wp-json/oembed/1.0/embed3dea.json]
[www.recruitmentmyanmarsak.com/wp-json/oembed/1.0/embed794a]
[www.recruitmentmyanmarsak.com/wp-content/cache/et/48225/et-core-unified-16472318382892.min.css]
[www.recruitmentmyanmarsak.com/the-company/index.html]
[www.recruitmentmyanmarsak.com/index55b7.html]
[www.recruitmentmyanmarsak.com/wp-json/wp/v2/pages/48046.json]
[www.recruitmentmyanmarsak.com/wp-json/index.html]
[www.recruitmentmyanmarsak.com/wp-includes/css/dist/block-library/style.min6dcf.css]
[www.recruitmentmyanmarsak.com/xmlrpc0db0.php]
[www.recruitmentmyanmarsak.com/wp-content/themes/Divi/core/admin/fonts/modulesd41d.eot]
[www.recruitmentmyanmarsak.com/wp-json/oembed/1.0/embed655f.json]
[www.recruitmentmyanmarsak.com/wp-json/wp/v2/pages/48068.json]
[www.recruitmentmyanmarsak.com/wp-content/themes/Divi/core/admin/fonts/modules.woff]
[www.recruitmentmyanmarsak.com/wp-content/themes/Divi/core/admin/fonts/modules.svg]
[www.recruitmentmyanmarsak.com/wp-json/wp/v2/pages/48092.json]
[www.recruitmentmyanmarsak.com/wp-json/oembed/1.0/embedb260.json]
[www.recruitmentmyanmarsak.com/wp-json/wp/v2/pages/48108.json]
[www.recruitmentmyanmarsak.com/wp-json/wp/v2/pages/48123.json]
[www.recruitmentmyanmarsak.com/wp-content/themes/Divi/stylea120.css]
[www.recruitmentmyanmarsak.com/wp-includes/fonts/dashicons7d4b.ttf]
[www.recruitmentmyanmarsak.com/wp-includes/css/dashicons.min6dcf.css]
[www.recruitmentmyanmarsak.com/wp-content/cache/et/48046/et-core-unified-16470699256984.min.css]
[www.recruitmentmyanmarsak.com/wp-json/oembed/1.0/embed2df1.json]
[www.recruitmentmyanmarsak.com/wp-json/oembed/1.0/embed0977]
[www.recruitmentmyanmarsak.com/wp-json/wp/v2/pages/48112.json]
[www.recruitmentmyanmarsak.com/wp-json/wp/v2/pages/47838.json]
[www.recruitmentmyanmarsak.com/about-us/index.html]
[www.recruitmentmyanmarsak.com/wp-json/oembed/1.0/embed10fa]
[www.recruitmentmyanmarsak.com/wp-json/wp/v2/pages/48030.json]
[www.recruitmentmyanmarsak.com/wp-json/oembed/1.0/embed8a24.json]
[www.recruitmentmyanmarsak.com/wp-json/wp/v2/pages/47882.json]
[www.recruitmentmyanmarsak.com/wp-json/oembed/1.0/embed4936]
[www.recruitmentmyanmarsak.com/sitemap/index.html]
[www.recruitmentmyanmarsak.com/wp-json/wp/v2/pages/47865.json]
[www.recruitmentmyanmarsak.com/wp-json/oembed/1.0/embed9c40.json]
[www.recruitmentmyanmarsak.com/indexcd68.html]
[www.recruitmentmyanmarsak.com/wp-content/cache/et/48068/et-core-unified-16470795293236.min.css]
[www.recruitmentmyanmarsak.com/index35fc.html]
[www.recruitmentmyanmarsak.com/wp-json/wp/v2/pages/47857.json]
[www.recruitmentmyanmarsak.com/wp-json/oembed/1.0/embed75f5]
[www.recruitmentmyanmarsak.com/wp-json/oembed/1.0/embed3cb3]
[www.recruitmentmyanmarsak.com/wp-content/cache/et/48092/et-core-unified-16472048018596.min.css]
[www.recruitmentmyanmarsak.com/indexce07.html]
[www.recruitmentmyanmarsak.com/wp-content/cache/et/48108/et-core-unified-16471869802971.min.css]
[www.recruitmentmyanmarsak.com/index3ced.html]
[www.recruitmentmyanmarsak.com/wp-content/cache/et/48123/et-core-unified-16474936128154.min.css]
[www.recruitmentmyanmarsak.com/index828e.html]
[www.recruitmentmyanmarsak.com/wp-content/cache/et/48112/et-core-unified-16470663808423.min.css]
[www.recruitmentmyanmarsak.com/indexcd22.html]
[www.recruitmentmyanmarsak.com/wp-content/cache/et/47838/et-core-unified-16472226210556.min.css]
[www.recruitmentmyanmarsak.com/wp-json/wp/v2/pages/48597.json]
[www.recruitmentmyanmarsak.com/wp-json/oembed/1.0/embed3d95]
[www.recruitmentmyanmarsak.com/wp-content/cache/et/48030/et-core-unified-16472051196261.min.css]
[www.recruitmentmyanmarsak.com/wp-json/oembed/1.0/embedd060.json]
[www.recruitmentmyanmarsak.com/wp-json/wp/v2/pages/48225.json]
[www.recruitmentmyanmarsak.com/indexdb5c.html]
[www.recruitmentmyanmarsak.com/wp-content/cache/et/47882/et-core-unified-16470796051192.min.css]
[www.recruitmentmyanmarsak.com/index4ef4.html]
[www.recruitmentmyanmarsak.com/wp-json/oembed/1.0/embed8d65]
[www.recruitmentmyanmarsak.com/wp-content/cache/et/47865/et-core-unified-16472753400358.min.css]
[www.recruitmentmyanmarsak.com/indexf7f4.html]
[www.recruitmentmyanmarsak.com/wp-content/cache/et/47857/et-core-unified-16470888163484.min.css]
[www.recruitmentmyanmarsak.com/wp-content/uploads/2019/08/malaysia3.jpg]
[www.recruitmentmyanmarsak.com/indexc014.html]
[www.recruitmentmyanmarsak.com/wp-json/oembed/1.0/embedd91f]
[www.recruitmentmyanmarsak.com/wp-content/cache/et/47904/et-core-unified-16473092472877.min.css]
[www.recruitmentmyanmarsak.com/indexa96d.html]
[www.recruitmentmyanmarsak.com/wp-json/oembed/1.0/embedefdf]
[www.recruitmentmyanmarsak.com/wp-content/cache/et/48597/et-core-unified-16470697259102.min.css]
[www.recruitmentmyanmarsak.com/index55b7.html]
[www.recruitmentmyanmarsak.com/wp-content/cache/et/48225/et-core-unified-16472318382892.min.css]
[www.recruitmentmyanmarsak.com/wp-content/themes/Divi/core/admin/fonts/modules.svg]
[www.recruitmentmyanmarsak.com/wp-content/themes/Divi/core/admin/fonts/modules.eot]
[www.recruitmentmyanmarsak.com/wp-content/themes/Divi/core/admin/fonts/modules.ttf]
[www.recruitmentmyanmarsak.com/wp-content/themes/Divi/includes/builder/styles/images/subscribe-loader.gif]
[www.recruitmentmyanmarsak.com/wp-content/themes/Divi/includes/builder/styles/images/preloader.gif]
[www.recruitmentmyanmarsak.com/wp-content/themes/Divi/epanel/shortcodes/images/shortcodes-sprite.png]
[www.recruitmentmyanmarsak.com/wp-includes/fonts/dashicons7d4b.eot]
[www.recruitmentmyanmarsak.com/index082e.html]
